
YouTube Playwright Automation - Video Details
==============================================

Video Title:
Learn JS Playwright Automation In 7 Hours | Complete Playwright Tutorial For Beginners

Duration:
6:21:08

Channel Name:
alexusadays

Published Date:
Sep 12, 2024

Video URL:
https://www.youtube.com/watch?v=hN1Zn6kLntk&pp=ygUKcGxheXdyaWdodA%3D%3D

Description:
Learn Playwright Automation In 7 Hours | JS Playwright Testing Full Vourse
Repo with completed Playwright project: https://github.com/alexusadays/Playwr...
Checkout My Book "Navigating Testing & Quality Assurance": https://a.co/d/cSTHmQg 
00:01 - How to Install Playwright
11:10 - Codegen with Playwright
24:09 - Understand Playwright Codegen Code
49:40 - Build a simple click me website
1:04:10 - CSS and XPATH locators with Playwright
1:48:48 - Playwright Assertions
2:37:38 - Running tests and Playwright Config file
3:25:29 - Playwright Page Setup and Hooks
4:13:21 - Playwright Page Object Model
5:31:01 - API testing with Playwright

Where to find me:
Patreon:   / alexusadays  
Instagram:   / alexusadays  
Tiktok:   / alexusadays  
Facebook:  / alexusadays  
Twitter:   / alexusadays  

#qualityassurance #automation #playwright
